exports[`Testing Article Renders correctly with articles 1`] = `
<Container
  tag="div">
  <Connect(Header) />
  <Row
    tag="div">
    <Col
      tag="div"
      widths={
        Array [
          "xs",
          "sm",
          "md",
          "lg",
          "xl",
        ]
      }>
      <Connect(ArticleCard)
        article={
          Object {
            "_id": "59eb8261d2ddc040ead6c7fa",
            "author": "Bertram Wintheiser",
            "content": "Et iure enim saepe. Repellat reprehenderit sequi id. Eveniet sit ex. Rem et labore temporibus dicta architecto reprehenderit qui. Consequatur amet aspernatur porro. Quo consequatur nesciunt et quod id.",
            "excerpt": "Et iure enim saepe. Repellat reprehenderit sequi id. Eveniet sit ex. Rem et labore temporibus dicta ",
            "published": false,
            "tags": Array [
              "Avon portal Outdoors",
              "networks Berkshire Fish",
            ],
            "title": "Senior Communications Coordinator",
          }
        }
        single={true} />
    </Col>
  </Row>
  <Connect(Footer) />
</Container>
`;

exports[`Testing Article Renders correctly without articles 1`] = `""`;
